setUp parametrized
void suiteParametrized::Testtest000bf::run(const std::tuple<int, const char*>&) 1 x
tearDown parametrized
suiteParametrized/test000bf: SUCCESS
setUp parametrized
void suiteParametrized::Testtest000bf::run(const std::tuple<int, const char*>&) 2 xx
tearDown parametrized
suiteParametrized/test000bf: SUCCESS
setUp parametrized
void suiteParametrized::Testtest000bf::run(const std::tuple<int, const char*>&) 3 xxx
tearDown parametrized
suiteParametrized/test000bf: SUCCESS
void suiteParametrized::Testtest000bp::run(const std::tuple<int, const char*>&) 1 x
suiteParametrized/test000bp: SUCCESS
void suiteParametrized::Testtest000bp::run(const std::tuple<int, const char*>&) 2 xx
suiteParametrized/test000bp: SUCCESS
void suiteParametrized::Testtest000bp::run(const std::tuple<int, const char*>&) 3 xxx
suiteParametrized/test000bp: SUCCESS
void suiteTrivial::Testtest000a::run()
suiteTrivial/test000a: SUCCESS
setUp
void suiteTrivial::Testtest000af::run()
tearDown
suiteTrivial/test000af: SUCCESS
